[notaireBIENVENU.be/index.html]
[backblue.gif]
[fade.gif]
[index.html]
[notaireBIENVENU.be/css/style008c.css]
[owlcarousel2.github.io/OwlCarousel2/assets/owlcarousel/assets/owl.carousel.min.css]
[owlcarousel2.github.io/OwlCarousel2/assets/owlcarousel/assets/owl.theme.default.min.css]
[notaireBIENVENU.be/css/customf841.css]
[notaireBIENVENU.be/manifest.json]
[notaireBIENVENU.be/sw.js]
[notaireBIENVENU.be/img/icons/phone.png]
[notaireBIENVENU.be/img/icons/email.png]
[notaireBIENVENU.be/img/icons/map-marker.png]
[notaireBIENVENU.be/biens-immobiliers.html]
[notaireBIENVENU.be/equipe.html]
[notaireBIENVENU.be/services.html]
[notaireBIENVENU.be/contact.html]
[media.cdn-mdnn.net/OXQvbVo5RXVSVWl2dDh3ZS9Idm9NQT09/images/home-2-min-prog.jpg]
[media.cdn-mdnn.net/OXQvbVo5RXVSVWl2dDh3ZS9Idm9NQT09/images/PAGE-D-ACCEUILww(1).jpg]
[notaireBIENVENU.be/img/icons/real-estate.png]
[notaireBIENVENU.be/img/icons/team.png]
[notaireBIENVENU.be/img/icons/business-services.png]
[notaireBIENVENU.be/img/icons/calculator-2.png]
[media.cdn-mdnn.net/OXQvbVo5RXVSVWl2dDh3ZS9Idm9NQT09/images/marriage.jpg]
[media.cdn-mdnn.net/OXQvbVo5RXVSVWl2dDh3ZS9Idm9NQT09/images/marriage (1).png]
[media.cdn-mdnn.net/OXQvbVo5RXVSVWl2dDh3ZS9Idm9NQT09/images/divorce.jpg]
[media.cdn-mdnn.net/OXQvbVo5RXVSVWl2dDh3ZS9Idm9NQT09/images/divorce (1).png]
[media.cdn-mdnn.net/OXQvbVo5RXVSVWl2dDh3ZS9Idm9NQT09/images/donations.jpg]
[media.cdn-mdnn.net/OXQvbVo5RXVSVWl2dDh3ZS9Idm9NQT09/images/donations (1).png]
[media.cdn-mdnn.net/OXQvbVo5RXVSVWl2dDh3ZS9Idm9NQT09/images/buildings.jpg]
[media.cdn-mdnn.net/OXQvbVo5RXVSVWl2dDh3ZS9Idm9NQT09/images/immobilier (2).png]
[picsbank.cdn-mdnn.net/team/u_18258/Alain-BIENVENU-KGELOW8bmAV40aAU.jpg]
[picsbank.cdn-mdnn.net/team/u_18258/Julie-DEWEZ-ZHszNMliutKDi4Qu.jpg]
[picsbank.cdn-mdnn.net/team/u_18258/Adélaïde-LEFEVRE-gyxP21IgM8OtdltT.jpg]
[picsbank.cdn-mdnn.net/team/u_18258/Charlotte-FOULON-RHs06JRBCmiUIKci.jpg]
[picsbank.cdn-mdnn.net/real-estate/u_18258/n_183877/10_2772300__LARGE.jpg]
[notaireBIENVENU.be/biens-immobiliers/appartement/a-vendre/gembloux/183715.html]
[picsbank.cdn-mdnn.net/real-estate/u_18258/n_183715/10_2768437__LARGE.jpg]
[notaireBIENVENU.be/biens-immobiliers/store/a-vendre/keumiee/183717.html]
[picsbank.cdn-mdnn.net/real-estate/u_18258/n_183717/10_2768711__LARGE.jpg]
[notaireBIENVENU.be/biens-immobiliers/terrain/a-vendre/marche-les-dames/183541.html]
[picsbank.cdn-mdnn.net/real-estate/u_18258/n_183541/10_2764843__LARGE.jpg]
[notaireBIENVENU.be/biens-immobiliers/terrain/a-vendre/gelbressee/182685.html]
[picsbank.cdn-mdnn.net/real-estate/u_18258/n_182685/10_2746022__LARGE.jpg]
[notaireBIENVENU.be/biens-immobiliers/maison/a-vendre/floreffe/182676.html]
[picsbank.cdn-mdnn.net/real-estate/u_18258/n_182676/10_2745891__LARGE.jpg]
[notaireBIENVENU.be/biens-immobiliers/maison/a-vendre/lathuy/180917.html]
[picsbank.cdn-mdnn.net/real-estate/u_18258/n_180917/10_2710446__LARGE.jpg]
[media.cdn-mdnn.net/OXQvbVo5RXVSVWl2dDh3ZS9Idm9NQT09/images/FRAIS-D-ACTE.jpg]
[notaireBIENVENU.be/privacy.html]
[notaireBIENVENU.be/js/bootstrap.bundle.min.js]
[notaireBIENVENU.be/js/jquery-3.3.1.min.js]
[notaireBIENVENU.be/js/flickity.pkgd.min.js]
[owlcarousel2.github.io/OwlCarousel2/assets/owlcarousel/owl.carousel.js]
[notaireBIENVENU.be/js/index6016.js]
[call.chatra.io/chatra.js]
[consent.rico20.com/cookieconsent.min.js]
[notaireBIENVENU.be/index.html]
[notaireBIENVENU.be/css/bootstrap.min.css]
[notaireBIENVENU.be/css/plugins/flickity.min.css]
[notaireBIENVENU.be/img/main-bg.jpg]
[notaireBIENVENU.be/img/line.svg]
[notaireBIENVENU.be/img/services/buildings.jpg]
[notaireBIENVENU.be/img/services/meeting.jpg]
[notaireBIENVENU.be/img/services/business.jpg]
[notaireBIENVENU.be/img/services/donations.jpg]
[notaireBIENVENU.be/img/services/divorce.jpg]
[notaireBIENVENU.be/img/offers-bg.jpg]
[notaireBIENVENU.be/img/team-bg.jpg]
[notaireBIENVENU.be/img/services-bg.jpg]
[notaireBIENVENU.be/img/blog-bg.jpg]
[notaireBIENVENU.be/img/peb-a.png]
[notaireBIENVENU.be/img/peb-c.png]
[notaireBIENVENU.be/img/peb-d.png]
[notaireBIENVENU.be/img/peb-e.png]
[notaireBIENVENU.be/img/peb-f.png]
[notaireBIENVENU.be/img/peb-g.png]
[notaireBIENVENU.be/css/style008c.css]
[owlcarousel2.github.io/OwlCarousel2/assets/owlcarousel/assets/owl.video.play.png]
[owlcarousel2.github.io/OwlCarousel2/assets/owlcarousel/assets/owl.carousel.min.css]
[owlcarousel2.github.io/OwlCarousel2/assets/owlcarousel/assets/owl.theme.default.min.css]
[notaireBIENVENU.be/css/customf841.css]
[consent.rico20.com/cookieconsent.min.css]
[media.cdn-mdnn.net/OXQvbVo5RXVSVWl2dDh3ZS9Idm9NQT09/images/immo-1.png]
[cdn.jsdelivr.net/gh/fancyapps/fancybox@3.5.7/dist/jquery.fancybox.min.css]
[cdn.jsdelivr.net/gh/fancyapps/fancybox@3.5.7/dist/jquery.fancybox.min.js]
[notaireBIENVENU.be/biens-immobiliers.html]
[media.cdn-mdnn.net/OXQvbVo5RXVSVWl2dDh3ZS9Idm9NQT09/images/EQUIPE-with-sigle.jpg]
[picsbank.cdn-mdnn.net/team/u_18258/Marion-CAMPINNE-nbulmr9TUH0m3Dyb.jpg]
[picsbank.cdn-mdnn.net/team/u_18258/Clotilde-ESTAS-z18hxlT3vLlgrLHo.jpg]
[picsbank.cdn-mdnn.net/team/u_18258/Hélène-GOBLET-IEfgj9VLtd6AJgm1.jpg]
[picsbank.cdn-mdnn.net/team/u_18258/Mathilde-HAUZEUR-p2zN9oPQyivimicf.jpg]
[picsbank.cdn-mdnn.net/team/u_18258/Florence-MARESCHAL-kl9in9h3UUryNIE3.jpg]
[picsbank.cdn-mdnn.net/team/u_18258/Mathilde-REMON-P2sG34wM2pdlkfDE.jpg]
[picsbank.cdn-mdnn.net/team/u_18258/Laurine-RENIER-71XH5IAFKHil2SnY.jpg]
[picsbank.cdn-mdnn.net/team/u_18258/Stéphanie-GUILLAUME-BRZOiTZL5warlGtI.png]
[picsbank.cdn-mdnn.net/team/u_18258/Didier-HAYOT-sW6uSk1Cpqp4EhPN.jpg]
[picsbank.cdn-mdnn.net/team/u_18258/Elena-SCHEVELJOVA-c2d6WImEh18ySO96.jpg]
[picsbank.cdn-mdnn.net/team/u_18258/Natacha-VANCAUWENBERGH-Q3Z6PnrkaZM7LEiQ.jpg]
[picsbank.cdn-mdnn.net/team/u_18258/Marjorie----uxiOc79YWHcylkRw.jpg]
[picsbank.cdn-mdnn.net/team/u_18258/Emilie-MIGEOT-qaQKBjJLjSKRfxmJ.jpg]
[picsbank.cdn-mdnn.net/team/u_18258/Laetitia-LONCHAY-eE8kCbOuQ4SoykW3.jpg]
[picsbank.cdn-mdnn.net/team/u_18258/Winston-BIENVENU-jtdLyZrYfHeLwk71.jpg]
[notaireBIENVENU.be/equipe.html]
[media.cdn-mdnn.net/OXQvbVo5RXVSVWl2dDh3ZS9Idm9NQT09/images/services-1.png]
[media.cdn-mdnn.net/OXQvbVo5RXVSVWl2dDh3ZS9Idm9NQT09/images/business.jpg]
[media.cdn-mdnn.net/OXQvbVo5RXVSVWl2dDh3ZS9Idm9NQT09/images/societes (1).png]
[media.cdn-mdnn.net/OXQvbVo5RXVSVWl2dDh3ZS9Idm9NQT09/images/meeting.jpg]
[media.cdn-mdnn.net/OXQvbVo5RXVSVWl2dDh3ZS9Idm9NQT09/images/mediation.png]
[notaireBIENVENU.be/services.html]
[www.google.com/recaptcha/api.js]
[notaireBIENVENU.be/contact.html]
[picsbank.cdn-mdnn.net/real-estate/u_18258/n_183715/11_2768438__LARGE.jpg]
[picsbank.cdn-mdnn.net/real-estate/u_18258/n_183715/12_2768439__LARGE.jpg]
[notaireBIENVENU.be/biens-immobiliers/appartement/a-vendre/nivelles/183877]
[picsbank.cdn-mdnn.net/real-estate/u_18258/n_183715/13_2768440__LARGE.jpg]
[picsbank.cdn-mdnn.net/real-estate/u_18258/n_183715/14_2768441__LARGE.jpg]
[picsbank.cdn-mdnn.net/real-estate/u_18258/n_183715/15_2768442__LARGE.jpg]
[picsbank.cdn-mdnn.net/real-estate/u_18258/n_183715/16_2768443__LARGE.jpg]
[picsbank.cdn-mdnn.net/real-estate/u_18258/n_183715/17_2768444__LARGE.jpg]
[picsbank.cdn-mdnn.net/real-estate/u_18258/n_183715/18_2768445__LARGE.jpg]
[picsbank.cdn-mdnn.net/real-estate/u_18258/n_183715/19_2768446__LARGE.jpg]
[picsbank.cdn-mdnn.net/real-estate/u_18258/n_183715/20_2768447__LARGE.jpg]
[picsbank.cdn-mdnn.net/real-estate/u_18258/n_183715/21_2768448__LARGE.jpg]
[picsbank.cdn-mdnn.net/real-estate/u_18258/n_183715/22_2768449__LARGE.jpg]
[picsbank.cdn-mdnn.net/real-estate/u_18258/n_183715/23_2768450__LARGE.jpg]
[picsbank.cdn-mdnn.net/real-estate/u_18258/n_183715/24_2768451__LARGE.jpg]
[notaireBIENVENU.be/img/icons/bed.png]
[notaireBIENVENU.be/img/icons/divorce.png]
[notaireBIENVENU.be/biens-immobiliers/appartement/a-vendre/gembloux/183715.html]
[picsbank.cdn-mdnn.net/real-estate/u_18258/n_183717/11_2768712__LARGE.jpg]
[picsbank.cdn-mdnn.net/real-estate/u_18258/n_183717/12_2768713__LARGE.jpg]
[picsbank.cdn-mdnn.net/real-estate/u_18258/n_183717/13_2768714__LARGE.jpg]
[picsbank.cdn-mdnn.net/real-estate/u_18258/n_183717/14_2768715__LARGE.jpg]
[picsbank.cdn-mdnn.net/real-estate/u_18258/n_183717/15_2768716__LARGE.jpg]
[picsbank.cdn-mdnn.net/real-estate/u_18258/n_183717/16_2768717__LARGE.jpg]
[picsbank.cdn-mdnn.net/real-estate/u_18258/n_183717/17_2768718__LARGE.jpg]
[picsbank.cdn-mdnn.net/real-estate/u_18258/n_183717/18_2768719__LARGE.jpg]
[picsbank.cdn-mdnn.net/real-estate/u_18258/n_183717/19_2768720__LARGE.jpg]
[picsbank.cdn-mdnn.net/real-estate/u_18258/n_183717/20_2768721__LARGE.jpg]
[picsbank.cdn-mdnn.net/real-estate/u_18258/n_183717/21_2768722__LARGE.jpg]
[picsbank.cdn-mdnn.net/real-estate/u_18258/n_183717/22_2768723__LARGE.jpg]
[picsbank.cdn-mdnn.net/real-estate/u_18258/n_183717/23_2768724__LARGE.jpg]
[picsbank.cdn-mdnn.net/real-estate/u_18258/n_183717/24_2768725__LARGE.jpg]
[picsbank.cdn-mdnn.net/real-estate/u_18258/n_183717/25_2768730__LARGE.jpg]
[picsbank.cdn-mdnn.net/real-estate/u_18258/n_183717/26_2768734__LARGE.jpg]
[notaireBIENVENU.be/biens-immobiliers/store/a-vendre/keumiee/183717.html]
[picsbank.cdn-mdnn.net/real-estate/u_18258/n_183541/11_2764844__LARGE.jpg]
[picsbank.cdn-mdnn.net/real-estate/u_18258/n_183541/12_2764845__LARGE.jpg]
[picsbank.cdn-mdnn.net/real-estate/u_18258/n_183541/13_2764846__LARGE.jpg]
[picsbank.cdn-mdnn.net/real-estate/u_18258/n_183541/14_2764847__LARGE.jpg]
[picsbank.cdn-mdnn.net/real-estate/u_18258/n_183541/15_2764848__LARGE.jpg]
[picsbank.cdn-mdnn.net/real-estate/u_18258/n_183541/16_2764849__LARGE.jpg]
[picsbank.cdn-mdnn.net/real-estate/u_18258/n_183541/17_2764850__LARGE.jpg]
[picsbank.cdn-mdnn.net/real-estate/u_18258/n_183541/18_2764851__LARGE.jpg]
[picsbank.cdn-mdnn.net/real-estate/u_18258/n_183541/19_2764852__LARGE.jpg]
[picsbank.cdn-mdnn.net/real-estate/u_18258/n_183541/20_2764853__LARGE.jpg]
[picsbank.cdn-mdnn.net/real-estate/u_18258/n_183541/21_2764854__LARGE.jpg]
[picsbank.cdn-mdnn.net/real-estate/u_18258/n_183541/22_2764855__LARGE.jpg]
[picsbank.cdn-mdnn.net/real-estate/u_18258/n_183541/23_2764856__LARGE.jpg]
[picsbank.cdn-mdnn.net/real-estate/u_18258/n_183541/24_2764857__LARGE.jpg]
[picsbank.cdn-mdnn.net/real-estate/u_18258/n_183541/25_2764858__LARGE.jpg]
[picsbank.cdn-mdnn.net/real-estate/u_18258/n_183541/26_2764859__LARGE.jpg]
[picsbank.cdn-mdnn.net/real-estate/u_18258/n_183541/28_2764861__LARGE.jpg]
[picsbank.cdn-mdnn.net/real-estate/u_18258/n_183541/29_2764862__LARGE.jpg]
[notaireBIENVENU.be/biens-immobiliers/terrain/a-vendre/marche-les-dames/183541.html]
[picsbank.cdn-mdnn.net/real-estate/u_18258/n_182685/11_2746023__LARGE.jpg]
[picsbank.cdn-mdnn.net/real-estate/u_18258/n_182685/12_2746024__LARGE.jpg]
[picsbank.cdn-mdnn.net/real-estate/u_18258/n_182685/13_2746025__LARGE.jpg]
[picsbank.cdn-mdnn.net/real-estate/u_18258/n_182685/14_2746026__LARGE.jpg]
[picsbank.cdn-mdnn.net/real-estate/u_18258/n_182685/15_2746027__LARGE.jpg]
[picsbank.cdn-mdnn.net/real-estate/u_18258/n_182685/16_2746028__LARGE.jpg]
[picsbank.cdn-mdnn.net/real-estate/u_18258/n_182685/17_2746029__LARGE.jpg]
[picsbank.cdn-mdnn.net/real-estate/u_18258/n_182685/18_2746030__LARGE.jpg]
[picsbank.cdn-mdnn.net/real-estate/u_18258/n_182685/19_2746031__LARGE.jpg]
[picsbank.cdn-mdnn.net/real-estate/u_18258/n_182685/20_2746032__LARGE.jpg]
[picsbank.cdn-mdnn.net/real-estate/u_18258/n_182685/21_2746033__LARGE.jpg]
[picsbank.cdn-mdnn.net/real-estate/u_18258/n_182685/22_2746034__LARGE.jpg]
[picsbank.cdn-mdnn.net/real-estate/u_18258/n_182685/23_2746035__LARGE.jpg]
[picsbank.cdn-mdnn.net/real-estate/u_18258/n_182685/24_2746036__LARGE.jpg]
[picsbank.cdn-mdnn.net/real-estate/u_18258/n_182685/25_2746037__LARGE.jpg]
[picsbank.cdn-mdnn.net/real-estate/u_18258/n_182685/26_2746038__LARGE.jpg]
[picsbank.cdn-mdnn.net/real-estate/u_18258/n_182685/27_2746039__LARGE.jpg]
[picsbank.cdn-mdnn.net/real-estate/u_18258/n_182685/28_2746040__LARGE.jpg]
[picsbank.cdn-mdnn.net/real-estate/u_18258/n_182685/29_2746041__LARGE.jpg]
[notaireBIENVENU.be/biens-immobiliers/terrain/a-vendre/gelbressee/182685.html]
[picsbank.cdn-mdnn.net/real-estate/u_18258/n_182676/11_2745892__LARGE.jpg]
[picsbank.cdn-mdnn.net/real-estate/u_18258/n_182676/12_2745894__LARGE.jpg]
[picsbank.cdn-mdnn.net/real-estate/u_18258/n_182676/13_2745895__LARGE.jpg]
[picsbank.cdn-mdnn.net/real-estate/u_18258/n_182676/14_2745896__LARGE.jpg]
[picsbank.cdn-mdnn.net/real-estate/u_18258/n_182676/15_2745897__LARGE.jpg]
[picsbank.cdn-mdnn.net/real-estate/u_18258/n_182676/16_2745898__LARGE.jpg]
[picsbank.cdn-mdnn.net/real-estate/u_18258/n_182676/17_2745899__LARGE.jpg]
[picsbank.cdn-mdnn.net/real-estate/u_18258/n_182676/18_2745900__LARGE.jpg]
[picsbank.cdn-mdnn.net/real-estate/u_18258/n_182676/19_2745901__LARGE.jpg]
[picsbank.cdn-mdnn.net/real-estate/u_18258/n_182676/20_2745902__LARGE.jpg]
[picsbank.cdn-mdnn.net/real-estate/u_18258/n_182676/21_2745903__LARGE.jpg]
[picsbank.cdn-mdnn.net/real-estate/u_18258/n_182676/22_2745904__LARGE.jpg]
[picsbank.cdn-mdnn.net/real-estate/u_18258/n_182676/23_2745905__LARGE.jpg]
[picsbank.cdn-mdnn.net/real-estate/u_18258/n_182676/24_2745906__LARGE.jpg]
[picsbank.cdn-mdnn.net/real-estate/u_18258/n_182676/25_2745907__LARGE.jpg]
[picsbank.cdn-mdnn.net/real-estate/u_18258/n_182676/26_2745908__LARGE.jpg]
[picsbank.cdn-mdnn.net/real-estate/u_18258/n_182676/27_2745909__LARGE.jpg]
[picsbank.cdn-mdnn.net/real-estate/u_18258/n_182676/28_2745910__LARGE.jpg]
[picsbank.cdn-mdnn.net/real-estate/u_18258/n_182676/29_2745911__LARGE.jpg]
[notaireBIENVENU.be/biens-immobiliers/maison/a-vendre/floreffe/182676.html]
[picsbank.cdn-mdnn.net/real-estate/u_18258/n_180917/11_2710447__LARGE.jpg]
[picsbank.cdn-mdnn.net/real-estate/u_18258/n_180917/12_2710448__LARGE.jpg]
[picsbank.cdn-mdnn.net/real-estate/u_18258/n_180917/13_2710450__LARGE.jpg]
[picsbank.cdn-mdnn.net/real-estate/u_18258/n_180917/14_2710451__LARGE.jpg]
[picsbank.cdn-mdnn.net/real-estate/u_18258/n_180917/15_2710452__LARGE.jpg]
[picsbank.cdn-mdnn.net/real-estate/u_18258/n_180917/16_2710453__LARGE.jpg]
[picsbank.cdn-mdnn.net/real-estate/u_18258/n_180917/17_2710454__LARGE.jpg]
[picsbank.cdn-mdnn.net/real-estate/u_18258/n_180917/18_2710455__LARGE.jpg]
[picsbank.cdn-mdnn.net/real-estate/u_18258/n_180917/19_2710456__LARGE.jpg]
[picsbank.cdn-mdnn.net/real-estate/u_18258/n_180917/20_2710457__LARGE.jpg]
[picsbank.cdn-mdnn.net/real-estate/u_18258/n_180917/21_2710458__LARGE.jpg]
[notaireBIENVENU.be/biens-immobiliers/maison/a-vendre/lathuy/180917.html]
[notaireBIENVENU.be/privacy.html]
[notaireBIENVENU.be/css/bootstrap.min.css]
[notaireBIENVENU.be/css/plugins/flickity.min.css]
[notaireBIENVENU.be/img/line.svg]
[notaireBIENVENU.be/img/peb-b.png]
[cdn.jsdelivr.net/gh/fancyapps/fancybox@3.5.7/dist/jquery.fancybox.min.css]
[picsbank.cdn-mdnn.net/real-estate/u_18258/n_183877/11_2772301__LARGE.jpg]
[picsbank.cdn-mdnn.net/real-estate/u_18258/n_183877/12_2772302__LARGE.jpg]
[picsbank.cdn-mdnn.net/real-estate/u_18258/n_183877/13_2772303__LARGE.jpg]
[picsbank.cdn-mdnn.net/real-estate/u_18258/n_183877/14_2772304__LARGE.jpg]
[picsbank.cdn-mdnn.net/real-estate/u_18258/n_183877/15_2772305__LARGE.jpg]
[picsbank.cdn-mdnn.net/real-estate/u_18258/n_183877/16_2772306__LARGE.jpg]
[picsbank.cdn-mdnn.net/real-estate/u_18258/n_183877/17_2772307__LARGE.jpg]
[picsbank.cdn-mdnn.net/real-estate/u_18258/n_183877/18_2772308__LARGE.jpg]
[picsbank.cdn-mdnn.net/real-estate/u_18258/n_183877/19_2772309__LARGE.jpg]
[picsbank.cdn-mdnn.net/real-estate/u_18258/n_183877/20_2772310__LARGE.jpg]
[picsbank.cdn-mdnn.net/real-estate/u_18258/n_183877/21_2772311__LARGE.jpg]
[picsbank.cdn-mdnn.net/real-estate/u_18258/n_183877/22_2772312__LARGE.jpg]
[picsbank.cdn-mdnn.net/real-estate/u_18258/n_183877/23_2772313__LARGE.jpg]
[picsbank.cdn-mdnn.net/real-estate/u_18258/n_183877/24_2772314__LARGE.jpg]
[picsbank.cdn-mdnn.net/real-estate/u_18258/n_183877/25_2772315__LARGE.jpg]
[picsbank.cdn-mdnn.net/real-estate/u_18258/n_183877/26_2772316__LARGE.jpg]
[picsbank.cdn-mdnn.net/real-estate/u_18258/n_183877/27_2772317__LARGE.jpg]
[picsbank.cdn-mdnn.net/real-estate/u_18258/n_183877/28_2772318__LARGE.jpg]
[notaireBIENVENU.be/biens-immobiliers/appartement/a-vendre/nivelles/183877]
[picsbank.cdn-mdnn.net/real-estate/u_18258/n_183541/27_2764860__LARGE.html]
[notaireBIENVENU.be/img/calculator-bg.jpg]
[notaireBIENVENU.be/img/services/marriage.jpg]
[notaireBIENVENU.be/js/immo-detailb9d6.js]
